// Jest Snapshot v1, https://goo.gl/fbAQLP

exports[`matches snapshot 1`] = `
<div
  className={undefined}
>
  <div
    className="total-found"
  >
    <span>
      3
       
      films
       found
    </span>
  </div>
  <div
    className="classes.sort-options"
  >
    <span>
      Sort by 
    </span>
    <button
      className={undefined}
      onClick={[Function]}
    >
      release date
    </button>
    <button
      className={undefined}
      onClick={[Function]}
    >
      rating
    </button>
  </div>
</div>
`;
