// Jest Snapshot v1, https://goo.gl/fbAQLP

exports[`matches snapshot 1`] = `
<div
  className={undefined}
>
  <h1>
    Something went wrong.
  </h1>
  <h1>
    Something went wrong.
  </h1>
  <footer
    className={undefined}
  >
    <div
      className={undefined}
    >
      <div
        className={undefined}
      >
        <span>
          netflixroulette
        </span>
      </div>
    </div>
  </footer>
</div>
`;
