// Jest Snapshot v1, https://goo.gl/fbAQLP

exports[`matches snapshot 1`] = `
<div
  className={undefined}
>
  <div
    className={undefined}
    onClick={[Function]}
  >
    <div
      className={undefined}
    >
      <img
        alt="film1: undefined"
        src={undefined}
      />
    </div>
    <div
      className={undefined}
    >
      <div
        className={undefined}
      >
        <h4
          className={undefined}
        >
          film1
        </h4>
        <span
          className={undefined}
        >
          2012
        </span>
      </div>
      <p
        className={undefined}
      >
        drama & thriller
      </p>
    </div>
  </div>
  <div
    className={undefined}
    onClick={[Function]}
  >
    <div
      className={undefined}
    >
      <img
        alt="film2: undefined"
        src={undefined}
      />
    </div>
    <div
      className={undefined}
    >
      <div
        className={undefined}
      >
        <h4
          className={undefined}
        >
          film2
        </h4>
        <span
          className={undefined}
        >
          2010
        </span>
      </div>
      <p
        className={undefined}
      >
        comedy & action
      </p>
    </div>
  </div>
  <div
    className={undefined}
    onClick={[Function]}
  >
    <div
      className={undefined}
    >
      <img
        alt="film3: undefined"
        src={undefined}
      />
    </div>
    <div
      className={undefined}
    >
      <div
        className={undefined}
      >
        <h4
          className={undefined}
        >
          film3
        </h4>
        <span
          className={undefined}
        >
          2018
        </span>
      </div>
      <p
        className={undefined}
      >
        drama, action & thriller
      </p>
    </div>
  </div>
</div>
`;
