// Jest Snapshot v1, https://goo.gl/fbAQLP

exports[`matches snapshot 1`] = `
<div>
  <div>
    <h2
      className={undefined}
    >
      Find your movie
    </h2>
    <div
      className={undefined}
    >
      <input
        className={undefined}
        onChange={[Function]}
        onKeyUp={[Function]}
        placeholder="Type here..."
        type="text"
      />
    </div>
  </div>
  <div
    className={undefined}
  >
    <div
      className={undefined}
    >
      <span>
        Search by
      </span>
      <button
        className={undefined}
        onClick={[Function]}
      >
        Title
      </button>
      <button
        className={null}
        onClick={[Function]}
      >
        Genre
      </button>
    </div>
    <div
      className={undefined}
    >
      <button
        className={undefined}
        onClick={[Function]}
      >
        Search
      </button>
    </div>
  </div>
</div>
`;
