// Jest Snapshot v1, https://goo.gl/fbAQLP

exports[`matches snapshot 1`] = `
<div
  className={undefined}
>
  <div
    className={undefined}
  >
    <h2>
      Film name 
      film1
    </h2>
    <span
      className={undefined}
    >
      9.3
    </span>
  </div>
  <p
    className={undefined}
  >
    drama,thriller & action
  </p>
  <div
    className={undefined}
  >
    <span>
      2016
    </span>
    <span>
      104
       min
    </span>
  </div>
</div>
`;
